NUCLEUS_SINGLE_FIELD:name=LT:stage=candidate:value=true
NUCLEUS_SINGLE_FIELD:name=LT:stage=precheck:metadata=true:shape=true
NUCLEUS_SINGLE_FIELD:name=LT:stage=type-promotion:verdict=PASS
NUCLEUS_SINGLE_FIELD:name=LT:stage=parameter-telescopes:value=true
NUCLEUS_SINGLE_FIELD:name=LT:stage=constructor-recursor-promotion:verdict=PASS
NUCLEUS_SINGLE_FIELD:name=LT:stage=projection-install:verdict=PASS
NUCLEUS_SINGLE_FIELD:name=LT:stage=recursor-install:verdict=PASS
NUCLEUS_SINGLE_FIELD:name=HAdd:stage=candidate:value=true
NUCLEUS_SINGLE_FIELD:name=HAdd:stage=precheck:metadata=true:shape=true
NUCLEUS_SINGLE_FIELD:name=HAdd:stage=type-promotion:verdict=PASS
NUCLEUS_SINGLE_FIELD:name=HAdd:stage=parameter-telescopes:value=true
NUCLEUS_SINGLE_FIELD:name=HAdd:stage=constructor-recursor-promotion:verdict=PASS
NUCLEUS_SINGLE_FIELD:name=HAdd:stage=projection-install:verdict=PASS
NUCLEUS_SINGLE_FIELD:name=HAdd:stage=recursor-install:verdict=PASS
NUCLEUS_SINGLE_FIELD:name=Add:stage=candidate:value=true
NUCLEUS_SINGLE_FIELD:name=Add:stage=precheck:metadata=true:shape=true
NUCLEUS_SINGLE_FIELD:name=Add:stage=type-promotion:verdict=PASS
NUCLEUS_SINGLE_FIELD:name=Add:stage=parameter-telescopes:value=true
NUCLEUS_SINGLE_FIELD:name=Add:stage=constructor-recursor-promotion:verdict=PASS
NUCLEUS_SINGLE_FIELD:name=Add:stage=projection-install:verdict=PASS
NUCLEUS_SINGLE_FIELD:name=Add:stage=recursor-install:verdict=PASS
NUCLEUS_DOWNSTREAM:name=Issue.gateStep.match_1:stage=definition.type:verdict=UNKNOWN:reason=conversion-exposure
