NUCLEUS_SINGLE_FIELD:name=Magma:stage=candidate:value=true
NUCLEUS_SINGLE_FIELD:name=Magma:stage=precheck:metadata=true:shape=true
NUCLEUS_SINGLE_FIELD:name=Magma:stage=type-promotion:verdict=PASS
NUCLEUS_SINGLE_FIELD:name=Magma:stage=parameter-telescopes:value=true
NUCLEUS_SINGLE_FIELD:name=Magma:stage=constructor-recursor-promotion:verdict=PASS
NUCLEUS_SINGLE_FIELD:name=Magma:stage=projection-install:verdict=PASS
NUCLEUS_SINGLE_FIELD:name=Magma:stage=recursor-install:verdict=PASS
NUCLEUS_SINGLE_FIELD:name=LT:stage=candidate:value=true
NUCLEUS_SINGLE_FIELD:name=LT:stage=precheck:metadata=true:shape=true
NUCLEUS_SINGLE_FIELD:name=LT:stage=type-promotion:verdict=PASS
NUCLEUS_SINGLE_FIELD:name=LT:stage=parameter-telescopes:value=true
NUCLEUS_SINGLE_FIELD:name=LT:stage=constructor-recursor-promotion:verdict=PASS
NUCLEUS_SINGLE_FIELD:name=LT:stage=projection-install:verdict=PASS
NUCLEUS_SINGLE_FIELD:name=LT:stage=recursor-install:verdict=PASS
NUCLEUS_SINGLE_FIELD:name=HAdd:stage=candidate:value=true
NUCLEUS_SINGLE_FIELD:name=HAdd:stage=precheck:metadata=true:shape=true
NUCLEUS_SINGLE_FIELD:name=HAdd:stage=type-promotion:verdict=PASS
NUCLEUS_SINGLE_FIELD:name=HAdd:stage=parameter-telescopes:value=true
NUCLEUS_SINGLE_FIELD:name=HAdd:stage=constructor-recursor-promotion:verdict=PASS
NUCLEUS_SINGLE_FIELD:name=HAdd:stage=projection-install:verdict=PASS
NUCLEUS_SINGLE_FIELD:name=HAdd:stage=recursor-install:verdict=PASS
NUCLEUS_SINGLE_FIELD:name=Add:stage=candidate:value=true
NUCLEUS_SINGLE_FIELD:name=Add:stage=precheck:metadata=true:shape=true
NUCLEUS_SINGLE_FIELD:name=Add:stage=type-promotion:verdict=PASS
NUCLEUS_SINGLE_FIELD:name=Add:stage=parameter-telescopes:value=true
NUCLEUS_SINGLE_FIELD:name=Add:stage=constructor-recursor-promotion:verdict=PASS
NUCLEUS_SINGLE_FIELD:name=Add:stage=projection-install:verdict=PASS
NUCLEUS_SINGLE_FIELD:name=Add:stage=recursor-install:verdict=PASS
NUCLEUS_SINGLE_FIELD:name=HMul:stage=candidate:value=true
NUCLEUS_SINGLE_FIELD:name=HMul:stage=precheck:metadata=true:shape=true
NUCLEUS_SINGLE_FIELD:name=HMul:stage=type-promotion:verdict=PASS
NUCLEUS_SINGLE_FIELD:name=HMul:stage=parameter-telescopes:value=true
NUCLEUS_SINGLE_FIELD:name=HMul:stage=constructor-recursor-promotion:verdict=PASS
NUCLEUS_SINGLE_FIELD:name=HMul:stage=projection-install:verdict=PASS
NUCLEUS_SINGLE_FIELD:name=HMul:stage=recursor-install:verdict=PASS
NUCLEUS_SINGLE_FIELD:name=Mul:stage=candidate:value=true
NUCLEUS_SINGLE_FIELD:name=Mul:stage=precheck:metadata=true:shape=true
NUCLEUS_SINGLE_FIELD:name=Mul:stage=type-promotion:verdict=PASS
NUCLEUS_SINGLE_FIELD:name=Mul:stage=parameter-telescopes:value=true
NUCLEUS_SINGLE_FIELD:name=Mul:stage=constructor-recursor-promotion:verdict=PASS
NUCLEUS_SINGLE_FIELD:name=Mul:stage=projection-install:verdict=PASS
NUCLEUS_SINGLE_FIELD:name=Mul:stage=recursor-install:verdict=PASS
NUCLEUS_SINGLE_FIELD:name=HMod:stage=candidate:value=true
NUCLEUS_SINGLE_FIELD:name=HMod:stage=precheck:metadata=true:shape=true
NUCLEUS_SINGLE_FIELD:name=HMod:stage=type-promotion:verdict=PASS
NUCLEUS_SINGLE_FIELD:name=HMod:stage=parameter-telescopes:value=true
NUCLEUS_SINGLE_FIELD:name=HMod:stage=constructor-recursor-promotion:verdict=PASS
NUCLEUS_SINGLE_FIELD:name=HMod:stage=projection-install:verdict=PASS
NUCLEUS_SINGLE_FIELD:name=HMod:stage=recursor-install:verdict=PASS
NUCLEUS_SINGLE_FIELD:name=Mod:stage=candidate:value=true
NUCLEUS_SINGLE_FIELD:name=Mod:stage=precheck:metadata=true:shape=true
NUCLEUS_SINGLE_FIELD:name=Mod:stage=type-promotion:verdict=PASS
NUCLEUS_SINGLE_FIELD:name=Mod:stage=parameter-telescopes:value=true
NUCLEUS_SINGLE_FIELD:name=Mod:stage=constructor-recursor-promotion:verdict=PASS
NUCLEUS_SINGLE_FIELD:name=Mod:stage=projection-install:verdict=PASS
NUCLEUS_SINGLE_FIELD:name=Mod:stage=recursor-install:verdict=PASS
NUCLEUS_SINGLE_FIELD:name=LE:stage=candidate:value=true
NUCLEUS_SINGLE_FIELD:name=LE:stage=precheck:metadata=true:shape=true
NUCLEUS_SINGLE_FIELD:name=LE:stage=type-promotion:verdict=PASS
NUCLEUS_SINGLE_FIELD:name=LE:stage=parameter-telescopes:value=true
NUCLEUS_SINGLE_FIELD:name=LE:stage=constructor-recursor-promotion:verdict=PASS
NUCLEUS_SINGLE_FIELD:name=LE:stage=projection-install:verdict=PASS
NUCLEUS_SINGLE_FIELD:name=LE:stage=recursor-install:verdict=PASS
NUCLEUS_NEUTRAL_HEAD_MISMATCH:left=Const { name: NameId(297), levels: [Succ(Zero)] }:left_spine=[Closure { expr: ExprId(1658), env: EnvFrame { id: 7178, .. }, levels: LevelSubstitution([]) }, Closure { expr: ExprId(163), env: EnvFrame { id: 7178, .. }, levels: LevelSubstitution([]) }, Closure { expr: ExprId(1565), env: EnvFrame { id: 7178, .. }, levels: LevelSubstitution([]) }, Closure { expr: ExprId(1670), env: EnvFrame { id: 7178, .. }, levels: LevelSubstitution([]) }]:right=Const { name: NameId(378), levels: [] }:right_spine=[]:budget=65434
NUCLEUS_NEUTRAL_HEAD_MISMATCH:left=Const { name: NameId(297), levels: [Succ(Zero)] }:left_spine=[Closure { expr: ExprId(1658), env: EnvFrame { id: 7178, .. }, levels: LevelSubstitution([]) }, Closure { expr: ExprId(163), env: EnvFrame { id: 7178, .. }, levels: LevelSubstitution([]) }, Closure { expr: ExprId(1565), env: EnvFrame { id: 7178, .. }, levels: LevelSubstitution([]) }, Closure { expr: ExprId(1670), env: EnvFrame { id: 7178, .. }, levels: LevelSubstitution([]) }]:right=Const { name: NameId(378), levels: [] }:right_spine=[]:budget=65434
NUCLEUS_DOWNSTREAM:name=_private.Init.Prelude.0.noConfusion_of_Nat.aux._f:stage=definition.value:verdict=UNKNOWN:reason=application-function-type
