Diagnostic log tail only; not a qualification run.
NUCLEUS_NEUTRAL_HEAD_MISMATCH:left=Free(FreeId(3)):left_spine=[]:right=Free(FreeId(2)):right_spine=[]:budget=894
NUCLEUS_NEUTRAL_HEAD_MISMATCH:left=Free(FreeId(3)):left_spine=[]:right=Free(FreeId(2)):right_spine=[]:budget=894
NUCLEUS_NEUTRAL_HEAD_MISMATCH:left=Free(FreeId(3)):left_spine=[]:right=Free(FreeId(2)):right_spine=[]:budget=894
NUCLEUS_NEUTRAL_HEAD_MISMATCH:left=Projection { type_name: NameId(177), index: 0, structure: Neutral { head: Const { name: NameId(66), levels: [Succ(Zero)] }, spine: [Closure { term: Expression(ExprId(9)), env: EnvFrame { id: 250740, .. }, levels: LevelSubstitution([(NameId(2), Succ(Zero))]) }, Closure { term: Expression(ExprId(11)), env: EnvFrame { id: 250740, .. }, levels: LevelSubstitution([(NameId(2), Succ(Zero))]) }, Closure { term: Expression(ExprId(6)), env: EnvFrame { id: 250740, .. }, levels: LevelSubstitution([(NameId(2), Succ(Zero))]) }, Closure { term: Expression(ExprId(1)), env: EnvFrame { id: 250740, .. }, levels: LevelSubstitution([(NameId(2), Succ(Zero))]) }] } }:left_spine=[Closure { term: Expression(ExprId(4558)), env: EnvFrame { id: 250946, .. }, levels: LevelSubstitution([]) }, Closure { term: Expression(ExprId(4566)), env: EnvFrame { id: 250946, .. }, levels: LevelSubstitution([]) }]:right=Projection { type_name: NameId(177), index: 0, structure: Neutral { head: Const { name: NameId(66), levels: [Succ(Zero)] }, spine: [Closure { term: Expression(ExprId(9)), env: EnvFrame { id: 250793, .. }, levels: LevelSubstitution([(NameId(2), Succ(Zero))]) }, Closure { term: Expression(ExprId(11)), env: EnvFrame { id: 250793, .. }, levels: LevelSubstitution([(NameId(2), Succ(Zero))]) }, Closure { term: Expression(ExprId(6)), env: EnvFrame { id: 250793, .. }, levels: LevelSubstitution([(NameId(2), Succ(Zero))]) }, Closure { term: Expression(ExprId(1)), env: EnvFrame { id: 250793, .. }, levels: LevelSubstitution([(NameId(2), Succ(Zero))]) }] } }:right_spine=[Closure { term: Expression(ExprId(4558)), env: EnvFrame { id: 250947, .. }, levels: LevelSubstitution([]) }, Closure { term: Expression(ExprId(4566)), env: EnvFrame { id: 250947, .. }, levels: LevelSubstitution([]) }]:budget=65365
STRUCTURE_ARG:E709@250736:Some(Lam { domain: ExprId(204), body: ExprId(708) })
STRUCTURE_ARG:((((C180[LevelId(1), LevelId(8)] (E4532@250730:Some(Lam { domain: ExprId(204), body: ExprId(4531) }) C63[])) C173[LevelId(8)]) ((((C990[] FREE1) FREE3) C63[]) C174[LevelId(8)])) C174[LevelId(8)])
STRUCTURE_ARG:E732@250736:Some(Lam { domain: ExprId(204), body: ExprId(731) })
STRUCTURE_ARG:FREE0
STRUCTURE_ARG:E709@250789:Some(Lam { domain: ExprId(204), body: ExprId(708) })
STRUCTURE_ARG:((((C180[LevelId(1), LevelId(8)] (E4532@250783:Some(Lam { domain: ExprId(204), body: ExprId(4531) }) C63[])) C173[LevelId(8)]) ((((C990[] FREE1) FREE2) C63[]) C174[LevelId(8)])) C174[LevelId(8)])
STRUCTURE_ARG:E732@250789:Some(Lam { domain: ExprId(204), body: ExprId(731) })
STRUCTURE_ARG:FREE0
NUCLEUS_NEUTRAL_HEAD_MISMATCH:left=Free(FreeId(3)):left_spine=[]:right=Free(FreeId(2)):right_spine=[]:budget=41
NUCLEUS_NEUTRAL_HEAD_MISMATCH:left=Free(FreeId(3)):left_spine=[]:right=Free(FreeId(2)):right_spine=[]:budget=41
NUCLEUS_NEUTRAL_HEAD_MISMATCH:left=Free(FreeId(3)):left_spine=[]:right=Free(FreeId(2)):right_spine=[]:budget=894
NUCLEUS_NEUTRAL_HEAD_MISMATCH:left=Free(FreeId(3)):left_spine=[]:right=Free(FreeId(2)):right_spine=[]:budget=894
NUCLEUS_NEUTRAL_HEAD_MISMATCH:left=Free(FreeId(3)):left_spine=[]:right=Free(FreeId(2)):right_spine=[]:budget=894
NUCLEUS_NEUTRAL_HEAD_MISMATCH:left=Free(FreeId(3)):left_spine=[]:right=Free(FreeId(2)):right_spine=[]:budget=894
NUCLEUS_NEUTRAL_HEAD_MISMATCH:left=Projection { type_name: NameId(177), index: 0, structure: Neutral { head: Const { name: NameId(66), levels: [Succ(Zero)] }, spine: [Closure { term: Expression(ExprId(9)), env: EnvFrame { id: 250740, .. }, levels: LevelSubstitution([(NameId(2), Succ(Zero))]) }, Closure { term: Expression(ExprId(11)), env: EnvFrame { id: 250740, .. }, levels: LevelSubstitution([(NameId(2), Succ(Zero))]) }, Closure { term: Expression(ExprId(6)), env: EnvFrame { id: 250740, .. }, levels: LevelSubstitution([(NameId(2), Succ(Zero))]) }, Closure { term: Expression(ExprId(1)), env: EnvFrame { id: 250740, .. }, levels: LevelSubstitution([(NameId(2), Succ(Zero))]) }] } }:left_spine=[Closure { term: Expression(ExprId(4558)), env: EnvFrame { id: 250946, .. }, levels: LevelSubstitution([]) }, Closure { term: Expression(ExprId(4566)), env: EnvFrame { id: 250946, .. }, levels: LevelSubstitution([]) }]:right=Projection { type_name: NameId(177), index: 0, structure: Neutral { head: Const { name: NameId(66), levels: [Succ(Zero)] }, spine: [Closure { term: Expression(ExprId(9)), env: EnvFrame { id: 250793, .. }, levels: LevelSubstitution([(NameId(2), Succ(Zero))]) }, Closure { term: Expression(ExprId(11)), env: EnvFrame { id: 250793, .. }, levels: LevelSubstitution([(NameId(2), Succ(Zero))]) }, Closure { term: Expression(ExprId(6)), env: EnvFrame { id: 250793, .. }, levels: LevelSubstitution([(NameId(2), Succ(Zero))]) }, Closure { term: Expression(ExprId(1)), env: EnvFrame { id: 250793, .. }, levels: LevelSubstitution([(NameId(2), Succ(Zero))]) }] } }:right_spine=[Closure { term: Expression(ExprId(4558)), env: EnvFrame { id: 250947, .. }, levels: LevelSubstitution([]) }, Closure { term: Expression(ExprId(4566)), env: EnvFrame { id: 250947, .. }, levels: LevelSubstitution([]) }]:budget=65365
STRUCTURE_ARG:E709@250736:Some(Lam { domain: ExprId(204), body: ExprId(708) })
STRUCTURE_ARG:((((C180[LevelId(1), LevelId(8)] (E4532@250730:Some(Lam { domain: ExprId(204), body: ExprId(4531) }) C63[])) C173[LevelId(8)]) ((((C990[] FREE1) FREE3) C63[]) C174[LevelId(8)])) C174[LevelId(8)])
STRUCTURE_ARG:E732@250736:Some(Lam { domain: ExprId(204), body: ExprId(731) })
STRUCTURE_ARG:FREE0
STRUCTURE_ARG:E709@250789:Some(Lam { domain: ExprId(204), body: ExprId(708) })
STRUCTURE_ARG:((((C180[LevelId(1), LevelId(8)] (E4532@250783:Some(Lam { domain: ExprId(204), body: ExprId(4531) }) C63[])) C173[LevelId(8)]) ((((C990[] FREE1) FREE2) C63[]) C174[LevelId(8)])) C174[LevelId(8)])
STRUCTURE_ARG:E732@250789:Some(Lam { domain: ExprId(204), body: ExprId(731) })
STRUCTURE_ARG:FREE0
CHECK_FAILURE:expr=ExprId(5785):inferred=Pi { domain: Term(Closure { term: Expression(ExprId(3761)), env: EnvFrame { id: 238300, .. }, levels: LevelSubstitution([]) }), body: Term(Closure { term: Expression(ExprId(5626)), env: EnvFrame { id: 239338, .. }, levels: LevelSubstitution([]) }) }:expected=Term(Closure { term: Expression(ExprId(4922)), env: EnvFrame { id: 239202, .. }, levels: LevelSubstitution([]) }):result=Refuted { obstruction: ObstructionId("distinct-neutral-heads") }:budget=65378
RESOLVED_TYPE:E4922@239202:Some(Pi { domain: ExprId(3765), body: ExprId(4921) })
NUCLEUS_DOWNSTREAM:name=Nat.modCore_lt:stage=theorem.value:verdict=UNKNOWN:reason=application-function-type
