warning: method `infer_sort_in_context` is never used
   --> src/typecheck.rs:727:19
    |
 38 | impl<'a> TypeChecker<'a> {
    | ------------------------ method in this implementation
...
727 |     pub(crate) fn infer_sort_in_context(
    |                   ^^^^^^^^^^^^^^^^^^^^^
    |
    = note: `#[warn(dead_code)]` (part of `#[warn(unused)]`) on by default

warning: `metatron-kernel` (lib) generated 1 warning
   Compiling metatron-kernel v0.1.0 (/workspace/nucleus-frontier10/metatron-kernel)
    Finished `release` profile [optimized] target(s) in 0.39s
     Running tests/machine.rs (metatron-kernel/target/release/deps/machine-d63c6fc8de6a7e44)

running 1 test
test recursor_output_constructor_does_not_identify_its_symbolic_major ... FAILED

failures:

---- recursor_output_constructor_does_not_identify_its_symbolic_major stdout ----

thread 'recursor_output_constructor_does_not_identify_its_symbolic_major' (46) panicked at tests/machine.rs:475:5:
assertion failed: matches!(exposed.proven_value(), Some(Value::Neutral(neutral)) if
    matches!(neutral.head, NeutralHead::Const { name: NameId(3), .. }) &&
    neutral.spine.len() == 4)
note: run with `RUST_BACKTRACE=1` environment variable to display a backtrace


failures:
    recursor_output_constructor_does_not_identify_its_symbolic_major

test result: FAILED. 0 passed; 1 failed; 0 ignored; 0 measured; 11 filtered out; finished in 0.00s

error: test failed, to rerun pass `--test machine`
